/home/giancarlo/st/stm32cubeide_1.14.0/plugins/com.st.stm32cube.ide.mcu.externaltools.gnu-tools-for-stm32.12.3.rel1.linux64_1.0.100.202403111256/tools/arm-none-eabi/include/c++/12.3.1/arm-none-eabi/thumb/v7e-m+dp/hard/bits/gthr-default.h:229:1:int __gthread_key_delete(__gthread_key_t)	16	static
../../ThreadSafe/stm32_lock.h:279:20:void stm32_lock_init(LockingData_t*)	24	static,ignoring_inline_asm
../../Common/mxLog/mxLog.h:34:18:mxLog::mxLog(char*, size_t, UART_HandleTypeDef&)	24	static
../Core/Src/logM7.cpp:54:6:void logTest()	248	static
../Core/Src/logM7.cpp:99:6:void vLogM7Task(void*)	64	static
../../Common/ringBuffer/ringBuffer.h:18:3:ringBuffer<T>::ringBuffer(T*, size_t) [with T = char]	24	static
../Core/Src/logM7.cpp:144:1:void __static_initialization_and_destruction_0(int, int)	16	static
../Core/Src/logM7.cpp:144:1:cpp)	8	static
